D:\Projekty BER\Embraco_VymenaRobotaUR_A2021002\Temp\Includes\AS_TempDecl\Config1\GlobalComponents\MpComponents.var
D:\Projekty BER\Embraco_VymenaRobotaUR_A2021002\Temp\Includes\AS_TempDecl\Config1\GlobalComponents\McElements.var
D:\Projekty BER\Embraco_VymenaRobotaUR_A2021002\Logical\Global.typ
D:\Projekty BER\Embraco_VymenaRobotaUR_A2021002\Logical\Global.var
D:\Projekty BER\Embraco_VymenaRobotaUR_A2021002\Logical\Libraries\Runtime\runtime.var
D:\Projekty BER\Embraco_VymenaRobotaUR_A2021002\Logical\Libraries\Runtime\runtime.typ
D:\Projekty BER\Embraco_VymenaRobotaUR_A2021002\Logical\Libraries\Runtime\runtime.fun
D:\Projekty BER\Embraco_VymenaRobotaUR_A2021002\Logical\Libraries\Operator\operator.fun
D:\Projekty BER\Embraco_VymenaRobotaUR_A2021002\Logical\Libraries\AsIecCon\AsIecCon.fun
D:\Projekty BER\Embraco_VymenaRobotaUR_A2021002\Logical\Libraries\astime\astime.var
D:\Projekty BER\Embraco_VymenaRobotaUR_A2021002\Logical\Libraries\astime\astime.typ
D:\Projekty BER\Embraco_VymenaRobotaUR_A2021002\Logical\Libraries\astime\astime.fun
D:\Projekty BER\Embraco_VymenaRobotaUR_A2021002\Logical\Libraries\standard\standard.fun
D:\Projekty BER\Embraco_VymenaRobotaUR_A2021002\Logical\Libraries\standard\standard.typ
D:\Projekty BER\Embraco_VymenaRobotaUR_A2021002\Logical\Libraries\standard\standard.var
D:\Projekty BER\Embraco_VymenaRobotaUR_A2021002\Logical\Libraries\AsBrStr\AsBrStr.fun
D:\Projekty BER\Embraco_VymenaRobotaUR_A2021002\Logical\Libraries\AsBrStr\AsBrStr.typ
D:\Projekty BER\Embraco_VymenaRobotaUR_A2021002\Logical\Libraries\AsBrStr\AsBrStr.var
D:\Projekty BER\Embraco_VymenaRobotaUR_A2021002\Logical\Libraries\FileIO\FileIO.fun
D:\Projekty BER\Embraco_VymenaRobotaUR_A2021002\Logical\Libraries\FileIO\FileIO.typ
D:\Projekty BER\Embraco_VymenaRobotaUR_A2021002\Logical\Libraries\FileIO\FileIO.var
D:\Projekty BER\Embraco_VymenaRobotaUR_A2021002\Logical\Libraries\sys_lib\sys_lib.fun
D:\Projekty BER\Embraco_VymenaRobotaUR_A2021002\Logical\Libraries\sys_lib\sys_lib.typ
D:\Projekty BER\Embraco_VymenaRobotaUR_A2021002\Logical\Libraries\sys_lib\sys_lib.var
D:\Projekty BER\Embraco_VymenaRobotaUR_A2021002\Logical\Libraries\AsSafety\AsSafety.fun
D:\Projekty BER\Embraco_VymenaRobotaUR_A2021002\Logical\Libraries\AsSafety\AsSafety.typ
D:\Projekty BER\Embraco_VymenaRobotaUR_A2021002\Logical\Libraries\AsSafety\AsSafety.var
D:\Projekty BER\Embraco_VymenaRobotaUR_A2021002\Logical\Libraries\DataObj\DataObj.fun
D:\Projekty BER\Embraco_VymenaRobotaUR_A2021002\Logical\Libraries\DataObj\DataObj.typ
D:\Projekty BER\Embraco_VymenaRobotaUR_A2021002\Logical\Libraries\DataObj\DataObj.var
D:\Projekty BER\Embraco_VymenaRobotaUR_A2021002\Logical\Libraries\AsXml\AsXml.fun
D:\Projekty BER\Embraco_VymenaRobotaUR_A2021002\Logical\Libraries\AsXml\AsXml.typ
D:\Projekty BER\Embraco_VymenaRobotaUR_A2021002\Logical\Libraries\AsXml\AsXml.var
D:\Projekty BER\Embraco_VymenaRobotaUR_A2021002\Logical\Libraries\CoTrace\CoTrace.fun
D:\Projekty BER\Embraco_VymenaRobotaUR_A2021002\Logical\Libraries\CoTrace\CoTrace.typ
D:\Projekty BER\Embraco_VymenaRobotaUR_A2021002\Logical\Libraries\CoTrace\CoTrace.var
D:\Projekty BER\Embraco_VymenaRobotaUR_A2021002\Logical\Libraries\AsZip\AsZip.fun
D:\Projekty BER\Embraco_VymenaRobotaUR_A2021002\Logical\Libraries\AsZip\AsZip.typ
D:\Projekty BER\Embraco_VymenaRobotaUR_A2021002\Logical\Libraries\AsZip\AsZip.var
D:\Projekty BER\Embraco_VymenaRobotaUR_A2021002\Logical\Libraries\AxisLib\Types.typ
D:\Projekty BER\Embraco_VymenaRobotaUR_A2021002\Logical\Libraries\AxisLib\Constants.var
D:\Projekty BER\Embraco_VymenaRobotaUR_A2021002\Logical\Libraries\AxisLib\AxisLib.fun
D:\Projekty BER\Embraco_VymenaRobotaUR_A2021002\Logical\Libraries\SC\Types.typ
D:\Projekty BER\Embraco_VymenaRobotaUR_A2021002\Logical\Libraries\SC\Constants.var
D:\Projekty BER\Embraco_VymenaRobotaUR_A2021002\Logical\Libraries\SC\SC.fun
D:\Projekty BER\Embraco_VymenaRobotaUR_A2021002\Logical\Libraries\MpAxis\MpAxis.fun
D:\Projekty BER\Embraco_VymenaRobotaUR_A2021002\Logical\Libraries\MpAxis\MpAxis.typ
D:\Projekty BER\Embraco_VymenaRobotaUR_A2021002\Logical\Libraries\MpAxis\MpAxisError.typ
D:\Projekty BER\Embraco_VymenaRobotaUR_A2021002\Logical\Libraries\McAxis\McAxis.typ
D:\Projekty BER\Embraco_VymenaRobotaUR_A2021002\Logical\Libraries\McAxis\McAxis.fun
D:\Projekty BER\Embraco_VymenaRobotaUR_A2021002\Logical\Libraries\McAxis\McAxis.var
D:\Projekty BER\Embraco_VymenaRobotaUR_A2021002\Logical\Libraries\McAxis\McAxisCfg.typ
D:\Projekty BER\Embraco_VymenaRobotaUR_A2021002\Logical\Libraries\MpBase\MpBase.typ
D:\Projekty BER\Embraco_VymenaRobotaUR_A2021002\Logical\Libraries\MpBase\MpBase.var
D:\Projekty BER\Embraco_VymenaRobotaUR_A2021002\Logical\Libraries\MpBase\MpBase.fun
D:\Projekty BER\Embraco_VymenaRobotaUR_A2021002\Logical\Libraries\McBase\McBase.typ
D:\Projekty BER\Embraco_VymenaRobotaUR_A2021002\Logical\Libraries\McBase\McBase.fun
D:\Projekty BER\Embraco_VymenaRobotaUR_A2021002\Logical\Libraries\McBase\McBase.var
D:\Projekty BER\Embraco_VymenaRobotaUR_A2021002\Logical\Libraries\McBase\McBaseCfg.typ
D:\Projekty BER\Embraco_VymenaRobotaUR_A2021002\Logical\Libraries\McAcpAx\McAcpAx.typ
D:\Projekty BER\Embraco_VymenaRobotaUR_A2021002\Logical\Libraries\McAcpAx\McAcpAx.fun
D:\Projekty BER\Embraco_VymenaRobotaUR_A2021002\Logical\Libraries\McAcpAx\McAcpAx.var
D:\Projekty BER\Embraco_VymenaRobotaUR_A2021002\Logical\Libraries\McAcpAx\McAcpAxCfg.typ
D:\Projekty BER\Embraco_VymenaRobotaUR_A2021002\Logical\Libraries\McStpAx\McStpAx.typ
D:\Projekty BER\Embraco_VymenaRobotaUR_A2021002\Logical\Libraries\McStpAx\McStpAx.fun
D:\Projekty BER\Embraco_VymenaRobotaUR_A2021002\Logical\Libraries\McStpAx\McStpAx.var
D:\Projekty BER\Embraco_VymenaRobotaUR_A2021002\Logical\Libraries\McStpAx\McStpAxCfg.typ
D:\Projekty BER\Embraco_VymenaRobotaUR_A2021002\Logical\Libraries\MpRecipe\MpRecipe.typ
D:\Projekty BER\Embraco_VymenaRobotaUR_A2021002\Logical\Libraries\MpRecipe\MpRecipeAlarm.typ
D:\Projekty BER\Embraco_VymenaRobotaUR_A2021002\Logical\Libraries\MpRecipe\MpRecipeError.typ
D:\Projekty BER\Embraco_VymenaRobotaUR_A2021002\Logical\Libraries\MpRecipe\MpRecipe.fun
D:\Projekty BER\Embraco_VymenaRobotaUR_A2021002\Logical\DatumCasPLC\DatumCasGlobal.var
D:\Projekty BER\Embraco_VymenaRobotaUR_A2021002\Logical\DatumCasPLC\DatumCasGlobal.typ
